 gcc -g p7final.c
 gdb a.out
GNU gdb (Ubuntu 8.1.1-0ubuntu1) 8.1.1
Copyright (C) 2018 Free Software Foundation, Inc.
License GPLv3+: GNU GPL version 3 or later <http://gnu.org/licenses/gpl.html>
This is free software: you are free to change and redistribute it.
There is NO WARRANTY, to the extent permitted by law.  Type "show copying"
and "show warranty" for details.
This GDB was configured as "x86_64-linux-gnu".
Type "show configuration" for configuration details.
For bug reporting instructions, please see:
<http://www.gnu.org/software/gdb/bugs/>.
Find the GDB manual and other documentation resources online at:
<http://www.gnu.org/software/gdb/documentation/>.
For help, type "help".
Type "apropos word" to search for commands related to "word"...
Reading symbols from a.out...done.
(gdb) b main
Breakpoint 1 at 0x89c: file p7final.c, line 34.
(gdb) r
Starting program: /home/runner/pps-IA1-practice/a.out 
warning: Error disabling address space randomization: Operation not permitted

Breakpoint 1, main () at p7final.c:34
34    a=input();
(gdb) n
enter the real no.
6
Enter the imaginary no.
8
35    b=input();
(gdb) n
enter the real no.
7
Enter the imaginary no.
8
36    sum=add(a,b);
(gdb) n
37    output(a,b,sum);
(gdb) n
sum is :
38    return 0;
(gdb) n
39  }
(gdb) n
__libc_start_main (main=0x56160ce00894 <main>, 
    argc=1, argv=0x7ffdf9bc1b58, 
    init=<optimized out>, fini=<optimized out>, 
    rtld_fini=<optimized out>, 
    stack_end=0x7ffdf9bc1b48)
    at ../csu/libc-start.c:344
344 ../csu/libc-start.c: No such file or directory.
(gdb) n
6.0+8.0i + 7.0+8.0i = 13.0+16.0i[Inferior 1 (process 181) exited normally]
(gdb) 